com/iota/iri/model/IntegerIndex.class
com/iota/iri/service/dto/GetTipsResponse.class
com/iota/iri/network/replicator/Replicator.class
com/iota/iri/network/replicator/ReplicatorSourcePool.class
com/iota/iri/service/dto/IXIResponse.class
com/iota/iri/OsVariants.class
com/iota/iri/controllers/TagViewModel.class
com/iota/iri/service/dto/CheckConsistency.class
com/iota/iri/hash/PearlDiver$State.class
com/iota/iri/storage/Persistable.class
com/iota/iri/hash/SpongeFactory$Mode.class
com/iota/iri/service/dto/AccessLimitedResponse.class
com/iota/iri/utils/SlackBotFeed.class
com/iota/iri/model/Hash$1.class
com/iota/iri/service/dto/GetBalancesResponse.class
com/iota/iri/Iota.class
com/iota/iri/service/TipsManager.class
com/iota/iri/hash/Sponge.class
com/iota/iri/network/Node$FIFOCache.class
com/iota/iri/utils/Pair.class
com/iota/iri/service/dto/GetTrytesResponse.class
com/iota/iri/network/replicator/ReplicatorSourceProcessor.class
com/iota/iri/model/Hashes.class
com/iota/iri/service/dto/AttachToTangleResponse.class
com/iota/iri/model/Bundle.class
com/iota/iri/service/CallableRequest.class
com/iota/iri/network/TCPNeighbor.class
com/iota/iri/model/Hash.class
com/iota/iri/service/dto/AddedNeighborsResponse.class
com/iota/iri/utils/Converter.class
com/iota/iri/hash/Curl.class
com/iota/iri/service/dto/GetInclusionStatesResponse.class
com/iota/iri/controllers/MilestoneViewModel.class
com/iota/iri/controllers/StateDiffViewModel.class
com/iota/iri/conf/Configuration$DefaultConfSettings.class
com/iota/iri/service/dto/FindTransactionsResponse.class
com/iota/iri/service/dto/GetNeighborsResponse.class
com/iota/iri/service/dto/GetTransactionsToApproveResponse.class
com/iota/iri/network/Neighbor.class
com/iota/iri/network/Node.class
com/iota/iri/storage/Indexable.class
com/iota/iri/utils/MapIdentityManager$1$1.class
com/iota/iri/hash/Kerl.class
com/iota/iri/service/dto/AbstractResponse.class
com/iota/iri/controllers/TipsViewModel.class
com/iota/iri/Milestone$1.class
com/iota/iri/hash/PearlDiver.class
com/iota/iri/model/Address.class
com/iota/iri/utils/MapIdentityManager.class
com/iota/iri/network/UDPNeighbor.class
com/iota/iri/IXI.class
com/iota/iri/conf/Configuration.class
com/iota/iri/model/Approvee.class
com/iota/iri/storage/rocksDB/RocksDBPersistenceProvider.class
com/iota/iri/service/API.class
com/iota/iri/model/Transaction.class
com/iota/iri/network/replicator/ReplicatorSinkPool.class
com/iota/iri/utils/Serializer.class
com/iota/iri/controllers/AddressViewModel.class
com/iota/iri/controllers/TipsViewModel$FifoHashCache.class
com/iota/iri/storage/Tangle.class
com/iota/iri/service/dto/AbstractResponse$1.class
com/iota/iri/IRI.class
com/iota/iri/service/dto/ErrorResponse.class
com/iota/iri/model/Hash$ByteSafe.class
com/iota/iri/hash/SpongeFactory$1.class
com/iota/iri/service/API$1.class
com/iota/iri/service/dto/wereAddressesSpentFrom.class
com/iota/iri/Milestone.class
com/iota/iri/SignedFiles.class
com/iota/iri/utils/MapIdentityManager$1.class
com/iota/iri/model/Milestone.class
com/iota/iri/network/replicator/ReplicatorSinkProcessor.class
com/iota/iri/model/Tag.class
com/iota/iri/network/TransactionRequester.class
com/iota/iri/hash/Curl$1.class
com/iota/iri/model/Hash$TritSafe.class
com/iota/iri/hash/ISSInPlace.class
com/iota/iri/controllers/ApproveeViewModel.class
com/iota/iri/IxiEvent.class
com/iota/iri/model/StateDiff.class
com/iota/iri/network/UDPReceiver.class
com/iota/iri/BundleValidator.class
com/iota/iri/IXI$2.class
com/iota/iri/service/dto/RemoveNeighborsResponse.class
com/iota/iri/Snapshot.class
com/iota/iri/LedgerValidator.class
com/iota/iri/service/dto/AbstractResponse$Emptyness.class
com/iota/iri/storage/PersistenceProvider.class
com/iota/iri/storage/FileExportProvider.class
com/iota/iri/TransactionValidator$StaleTimestampException.class
com/iota/iri/service/ValidationException.class
com/iota/iri/controllers/BundleViewModel.class
com/iota/iri/controllers/TransactionViewModel.class
com/iota/iri/storage/ZmqPublishProvider.class
com/iota/iri/service/dto/GetNeighborsResponse$Neighbor.class
com/iota/iri/service/dto/GetNodeInfoResponse.class
com/iota/iri/service/dto/ExceptionResponse.class
com/iota/iri/Milestone$Validity.class
com/iota/iri/hash/ISS.class
com/iota/iri/IXI$1.class
com/iota/iri/TransactionValidator.class
com/iota/iri/controllers/HashesViewModel.class
com/iota/iri/hash/SpongeFactory.class
com/iota/iri/zmq/MessageQ.class
