/home/osboxes/iri/src/main/java/com/iota/iri/network/replicator/ReplicatorSinkProcessor.java
/home/osboxes/iri/src/main/java/com/iota/iri/hash/ISSInPlace.java
/home/osboxes/iri/src/main/java/com/iota/iri/service/dto/RemoveNeighborsResponse.java
/home/osboxes/iri/src/main/java/com/iota/iri/model/IntegerIndex.java
/home/osboxes/iri/src/main/java/com/iota/iri/hash/PearlDiver.java
/home/osboxes/iri/src/main/java/com/iota/iri/Snapshot.java
/home/osboxes/iri/src/main/java/com/iota/iri/storage/PersistenceProvider.java
/home/osboxes/iri/src/main/java/com/iota/iri/network/TCPNeighbor.java
/home/osboxes/iri/src/main/java/com/iota/iri/controllers/MilestoneViewModel.java
/home/osboxes/iri/src/main/java/com/iota/iri/service/dto/wereAddressesSpentFrom.java
/home/osboxes/iri/src/main/java/com/iota/iri/network/replicator/ReplicatorSourcePool.java
/home/osboxes/iri/src/main/java/com/iota/iri/service/API.java
/home/osboxes/iri/src/main/java/com/iota/iri/hash/Kerl.java
/home/osboxes/iri/src/main/java/com/iota/iri/TransactionValidator.java
/home/osboxes/iri/src/main/java/com/iota/iri/utils/Pair.java
/home/osboxes/iri/src/main/java/com/iota/iri/service/dto/GetNodeInfoResponse.java
/home/osboxes/iri/src/main/java/com/iota/iri/network/replicator/ReplicatorSinkPool.java
/home/osboxes/iri/src/main/java/com/iota/iri/service/dto/IXIResponse.java
/home/osboxes/iri/src/main/java/com/iota/iri/network/replicator/ReplicatorSourceProcessor.java
/home/osboxes/iri/src/main/java/com/iota/iri/network/Neighbor.java
/home/osboxes/iri/src/main/java/com/iota/iri/storage/Indexable.java
/home/osboxes/iri/src/main/java/com/iota/iri/conf/Configuration.java
/home/osboxes/iri/src/main/java/com/iota/iri/service/ValidationException.java
/home/osboxes/iri/src/main/java/com/iota/iri/storage/rocksDB/RocksDBPersistenceProvider.java
/home/osboxes/iri/src/main/java/com/iota/iri/service/dto/AddedNeighborsResponse.java
/home/osboxes/iri/src/main/java/com/iota/iri/service/dto/ExceptionResponse.java
/home/osboxes/iri/src/main/java/com/iota/iri/storage/ZmqPublishProvider.java
/home/osboxes/iri/src/main/java/com/iota/iri/controllers/AddressViewModel.java
/home/osboxes/iri/src/main/java/com/iota/iri/service/TipsManager.java
/home/osboxes/iri/src/main/java/com/iota/iri/OsVariants.java
/home/osboxes/iri/src/main/java/com/iota/iri/service/dto/GetTransactionsToApproveResponse.java
/home/osboxes/iri/src/main/java/com/iota/iri/service/dto/GetInclusionStatesResponse.java
/home/osboxes/iri/src/main/java/com/iota/iri/hash/Curl.java
/home/osboxes/iri/src/main/java/com/iota/iri/service/dto/GetTipsResponse.java
/home/osboxes/iri/src/main/java/com/iota/iri/IRI.java
/home/osboxes/iri/src/main/java/com/iota/iri/hash/Sponge.java
/home/osboxes/iri/src/main/java/com/iota/iri/controllers/BundleViewModel.java
/home/osboxes/iri/src/main/java/com/iota/iri/LedgerValidator.java
/home/osboxes/iri/src/main/java/com/iota/iri/service/dto/AbstractResponse.java
/home/osboxes/iri/src/main/java/com/iota/iri/service/dto/AttachToTangleResponse.java
/home/osboxes/iri/src/main/java/com/iota/iri/service/dto/CheckConsistency.java
/home/osboxes/iri/src/main/java/com/iota/iri/service/dto/FindTransactionsResponse.java
/home/osboxes/iri/src/main/java/com/iota/iri/model/Approvee.java
/home/osboxes/iri/src/main/java/com/iota/iri/controllers/TransactionViewModel.java
/home/osboxes/iri/src/main/java/com/iota/iri/model/Hash.java
/home/osboxes/iri/src/main/java/com/iota/iri/IxiEvent.java
/home/osboxes/iri/src/main/java/com/iota/iri/model/Transaction.java
/home/osboxes/iri/src/main/java/com/iota/iri/controllers/StateDiffViewModel.java
/home/osboxes/iri/src/main/java/com/iota/iri/BundleValidator.java
/home/osboxes/iri/src/main/java/com/iota/iri/service/dto/AccessLimitedResponse.java
/home/osboxes/iri/src/main/java/com/iota/iri/controllers/ApproveeViewModel.java
/home/osboxes/iri/src/main/java/com/iota/iri/network/UDPNeighbor.java
/home/osboxes/iri/src/main/java/com/iota/iri/utils/Converter.java
/home/osboxes/iri/src/main/java/com/iota/iri/IXI.java
/home/osboxes/iri/src/main/java/com/iota/iri/network/TransactionRequester.java
/home/osboxes/iri/src/main/java/com/iota/iri/service/CallableRequest.java
/home/osboxes/iri/src/main/java/com/iota/iri/SignedFiles.java
/home/osboxes/iri/src/main/java/com/iota/iri/Iota.java
/home/osboxes/iri/src/main/java/com/iota/iri/utils/MapIdentityManager.java
/home/osboxes/iri/src/main/java/com/iota/iri/controllers/TagViewModel.java
/home/osboxes/iri/src/main/java/com/iota/iri/storage/Tangle.java
/home/osboxes/iri/src/main/java/com/iota/iri/service/dto/GetBalancesResponse.java
/home/osboxes/iri/src/main/java/com/iota/iri/model/StateDiff.java
/home/osboxes/iri/src/main/java/com/iota/iri/model/Milestone.java
/home/osboxes/iri/src/main/java/com/iota/iri/service/dto/GetNeighborsResponse.java
/home/osboxes/iri/src/main/java/com/iota/iri/model/Hashes.java
/home/osboxes/iri/src/main/java/com/iota/iri/service/dto/GetTrytesResponse.java
/home/osboxes/iri/src/main/java/com/iota/iri/storage/FileExportProvider.java
/home/osboxes/iri/src/main/java/com/iota/iri/model/Tag.java
/home/osboxes/iri/src/main/java/com/iota/iri/zmq/MessageQ.java
/home/osboxes/iri/src/main/java/com/iota/iri/model/Address.java
/home/osboxes/iri/src/main/java/com/iota/iri/hash/ISS.java
/home/osboxes/iri/src/main/java/com/iota/iri/model/Bundle.java
/home/osboxes/iri/src/main/java/com/iota/iri/network/replicator/Replicator.java
/home/osboxes/iri/src/main/java/com/iota/iri/utils/SlackBotFeed.java
/home/osboxes/iri/src/main/java/com/iota/iri/storage/Persistable.java
/home/osboxes/iri/src/main/java/com/iota/iri/hash/SpongeFactory.java
/home/osboxes/iri/src/main/java/com/iota/iri/controllers/TipsViewModel.java
/home/osboxes/iri/src/main/java/com/iota/iri/Milestone.java
/home/osboxes/iri/src/main/java/com/iota/iri/network/Node.java
/home/osboxes/iri/src/main/java/com/iota/iri/service/dto/ErrorResponse.java
/home/osboxes/iri/src/main/java/com/iota/iri/controllers/HashesViewModel.java
/home/osboxes/iri/src/main/java/com/iota/iri/utils/Serializer.java
/home/osboxes/iri/src/main/java/com/iota/iri/network/UDPReceiver.java
