/home/osboxes/iri/src/test/java/com/iota/iri/controllers/BundleViewModelTest.java
/home/osboxes/iri/src/test/java/com/iota/iri/hash/KerlTest.java
/home/osboxes/iri/src/test/java/com/iota/iri/SnapshotTest.java
/home/osboxes/iri/src/test/java/com/iota/iri/hash/CurlTest.java
/home/osboxes/iri/src/test/java/com/iota/iri/controllers/MilestoneViewModelTest.java
/home/osboxes/iri/src/test/java/com/iota/iri/controllers/TagViewModelTest.java
/home/osboxes/iri/src/test/java/com/iota/iri/utils/ConverterTest.java
/home/osboxes/iri/src/test/java/com/iota/iri/model/HashTest.java
/home/osboxes/iri/src/test/java/com/iota/iri/TransactionValidatorTest.java
/home/osboxes/iri/src/test/java/com/iota/iri/controllers/TipsViewModelTest.java
/home/osboxes/iri/src/test/java/com/iota/iri/integration/NodeIntegrationTests.java
/home/osboxes/iri/src/test/java/com/iota/iri/service/TipsManagerTest.java
/home/osboxes/iri/src/test/java/com/iota/iri/storage/rocksDB/RocksDBPersistenceProviderTest.java
/home/osboxes/iri/src/test/java/com/iota/iri/storage/TangleTest.java
/home/osboxes/iri/src/test/java/com/iota/iri/BundleValidatorTest.java
/home/osboxes/iri/src/test/java/com/iota/iri/utils/TestSerializer.java
/home/osboxes/iri/src/test/java/com/iota/iri/conf/ConfigurationTest.java
/home/osboxes/iri/src/test/java/com/iota/iri/integration/APIIntegrationTests.java
/home/osboxes/iri/src/test/java/com/iota/iri/controllers/TransactionRequesterTest.java
/home/osboxes/iri/src/test/java/com/iota/iri/hash/PearlDiverTest.java
/home/osboxes/iri/src/test/java/com/iota/iri/controllers/TransactionViewModelTest.java
/home/osboxes/iri/src/test/java/com/iota/iri/IXITest.java
/home/osboxes/iri/src/test/java/com/iota/iri/hash/ISSTest.java
